V3 11
FL /home/ise/ISE_Share/Adnan5/FullAdder.vhd 2025/03/05.07:50:34 P.20131013
EN work/Full_Adder 1741161561 FL /home/ise/ISE_Share/Adnan5/FullAdder.vhd \
      PB ieee/std_logic_1164 1381692176
AR work/Full_Adder/Behavioral 1741161562 \
      FL /home/ise/ISE_Share/Adnan5/FullAdder.vhd EN work/Full_Adder 1741161561
FL /home/ise/ISE_Share/Adnan5/HalfAdder.vhd 2025/03/05.07:51:47 P.20131013
EN work/Half_Adder 1741161559 FL /home/ise/ISE_Share/Adnan5/HalfAdder.vhd \
      PB ieee/std_logic_1164 1381692176
AR work/Half_Adder/Behavioral 1741161560 \
      FL /home/ise/ISE_Share/Adnan5/HalfAdder.vhd EN work/Half_Adder 1741161559
FL /home/ise/ISE_Share/Adnan5/TraditionalMultiplier.vhd 2025/03/05.07:49:45 P.20131013
EN work/Multiplier_4bit 1741161563 \
      FL /home/ise/ISE_Share/Adnan5/TraditionalMultiplier.vhd \
      PB ieee/std_logic_1164 1381692176
AR work/Multiplier_4bit/Behavioral 1741161564 \
      FL /home/ise/ISE_Share/Adnan5/TraditionalMultiplier.vhd \
      EN work/Multiplier_4bit 1741161563 CP work/Half_Adder CP work/Full_Adder
