V3 19
FL /home/ise/ISE_Share/AZ6_ROSE_ADNAN/clock_divider.vhd 2025/03/12.06:52:37 P.20131013
EN work/Clock_Divider 1741762372 \
      FL /home/ise/ISE_Share/AZ6_ROSE_ADNAN/clock_divider.vhd \
      PB ieee/std_logic_1164 1381692176 PB ieee/std_logic_arith 1381692177 \
      PB ieee/STD_LOGIC_UNSIGNED 1381692179
AR work/Clock_Divider/Behavioral 1741762373 \
      FL /home/ise/ISE_Share/AZ6_ROSE_ADNAN/clock_divider.vhd \
      EN work/Clock_Divider 1741762372
FL /home/ise/ISE_Share/AZ6_ROSE_ADNAN/clock_divider_100Hz.vhd 2025/03/12.06:48:36 P.20131013
EN work/Clock_Divider_100Hz 1741762374 \
      FL /home/ise/ISE_Share/AZ6_ROSE_ADNAN/clock_divider_100Hz.vhd \
      PB ieee/std_logic_1164 1381692176 PB ieee/std_logic_arith 1381692177 \
      PB ieee/STD_LOGIC_UNSIGNED 1381692179
AR work/Clock_Divider_100Hz/Behavioral 1741762375 \
      FL /home/ise/ISE_Share/AZ6_ROSE_ADNAN/clock_divider_100Hz.vhd \
      EN work/Clock_Divider_100Hz 1741762374
FL /home/ise/ISE_Share/AZ6_ROSE_ADNAN/multiplex_7seg.vhd 2025/03/12.06:29:17 P.20131013
EN work/multiplex_7segment 1741762378 \
      FL /home/ise/ISE_Share/AZ6_ROSE_ADNAN/multiplex_7seg.vhd \
      PB ieee/std_logic_1164 1381692176 PB ieee/std_logic_arith 1381692177 \
      PB ieee/STD_LOGIC_UNSIGNED 1381692179
AR work/multiplex_7segment/Behavioral 1741762379 \
      FL /home/ise/ISE_Share/AZ6_ROSE_ADNAN/multiplex_7seg.vhd \
      EN work/multiplex_7segment 1741762378
FL /home/ise/ISE_Share/AZ6_ROSE_ADNAN/shift_register.vhd 2025/03/12.06:29:17 P.20131013
EN work/Shift_Register 1741762376 \
      FL /home/ise/ISE_Share/AZ6_ROSE_ADNAN/shift_register.vhd \
      PB ieee/std_logic_1164 1381692176 PB ieee/std_logic_arith 1381692177 \
      PB ieee/STD_LOGIC_UNSIGNED 1381692179
AR work/Shift_Register/Behavioral 1741762377 \
      FL /home/ise/ISE_Share/AZ6_ROSE_ADNAN/shift_register.vhd \
      EN work/Shift_Register 1741762376
FL /home/ise/ISE_Share/AZ6_ROSE_ADNAN/top_module.vhd 2025/03/12.06:48:47 P.20131013
EN work/Shift_Register_Top 1741762380 \
      FL /home/ise/ISE_Share/AZ6_ROSE_ADNAN/top_module.vhd PB ieee/std_logic_1164 1381692176 \
      PB ieee/std_logic_arith 1381692177 PB ieee/STD_LOGIC_UNSIGNED 1381692179
AR work/Shift_Register_Top/Behavioral 1741762381 \
      FL /home/ise/ISE_Share/AZ6_ROSE_ADNAN/top_module.vhd \
      EN work/Shift_Register_Top 1741762380 CP work/Clock_Divider \
      CP work/Clock_Divider_100Hz CP work/Shift_Register \
      CP work/multiplex_7segment
